// Jest Snapshot v1, https://goo.gl/fbAQLP

exports[`renders the SearchForm 1`] = `
<View
  height={317}
  style={
    Array [
      Object {
        "backgroundColor": "rgba(255, 255, 255, 0.8)",
        "borderBottomLeftRadius": 10,
        "borderBottomRightRadius": 10,
        "borderTopLeftRadius": 10,
        "borderTopRightRadius": 10,
      },
      Array [
        Object {
          "alignItems": "center",
          "justifyContent": "center",
        },
        undefined,
      ],
    ]
  }
  width={300}
>
  <Image
    source={1}
    style={
      Array [
        Object {
          "height": 50,
          "marginBottom": 30,
          "width": 50,
        },
        undefined,
      ]
    }
  />
  <View>
    <TextInput
      fontsLoaded={true}
      onChangeText={[Function]}
      placeholder="name or id"
      placeholderTextColor="#fff"
      style={
        Array [
          Object {
            "backgroundColor": "#fff",
            "borderBottomLeftRadius": 4,
            "borderBottomRightRadius": 4,
            "borderTopLeftRadius": 4,
            "borderTopRightRadius": 4,
            "color": "#000",
            "fontFamily": "Roboto_700Bold",
            "height": 50,
            "paddingBottom": 10,
            "paddingLeft": 10,
            "paddingRight": 10,
            "paddingTop": 10,
            "width": 250,
          },
          undefined,
        ]
      }
      value=""
    />
  </View>
  <View
    style={
      Array [
        Object {
          "flexDirection": "row",
          "justifyContent": "space-between",
          "marginTop": 25,
          "width": 250,
        },
        undefined,
      ]
    }
  >
    <View
      accessibilityRole="button"
      accessible={true}
      collapsable={false}
      focusable={true}
      onClick={[Function]}
      onResponderGrant={[Function]}
      onResponderMove={[Function]}
      onResponderRelease={[Function]}
      onResponderTerminate={[Function]}
      onResponderTerminationRequest={[Function]}
      onStartShouldSetResponder={[Function]}
      style={
        Object {
          "alignItems": "center",
          "backgroundColor": "#F4A261",
          "borderBottomLeftRadius": 24,
          "borderBottomRightRadius": 24,
          "borderTopLeftRadius": 24,
          "borderTopRightRadius": 24,
          "height": 45,
          "justifyContent": "center",
          "opacity": 1,
          "width": 150,
        }
      }
    />
    <View
      accessibilityRole="button"
      accessible={true}
      collapsable={false}
      focusable={true}
      onClick={[Function]}
      onResponderGrant={[Function]}
      onResponderMove={[Function]}
      onResponderRelease={[Function]}
      onResponderTerminate={[Function]}
      onResponderTerminationRequest={[Function]}
      onStartShouldSetResponder={[Function]}
      style={
        Object {
          "alignItems": "center",
          "backgroundColor": "#F4A261",
          "borderBottomLeftRadius": 24,
          "borderBottomRightRadius": 24,
          "borderTopLeftRadius": 24,
          "borderTopRightRadius": 24,
          "height": 45,
          "justifyContent": "center",
          "opacity": 1,
          "width": 45,
        }
      }
    >
      <RNSVGSvgView
        align="none"
        bbHeight={18}
        bbWidth={18}
        fill="none"
        focusable={false}
        height={18}
        meetOrSlice={0}
        minX={0}
        minY={0}
        style={
          Array [
            Object {
              "backgroundColor": "transparent",
              "borderWidth": 0,
            },
            Object {
              "flex": 0,
              "height": 18,
              "width": 18,
            },
          ]
        }
        vbHeight={25}
        vbWidth={30}
        width={18}
        xmlns="http://www.w3.org/2000/svg"
      >
        <RNSVGGroup
          fill={null}
          propList={
            Array [
              "fill",
            ]
          }
        >
          <RNSVGPath
            d="M29.435 19.702 23.254 25v-3.532h-1.04c-3.285 0-5.704-1.472-7.701-3.42a62.845 62.845 0 0 0 2.118-2.673l.445-.586c1.477 1.528 3.066 2.558 5.138 2.558h1.04v-2.944l6.18 5.3ZM0 7.928h3.08c1.954 0 3.478.918 4.884 2.301.231-.297.465-.606.701-.915a70.015 70.015 0 0 1 1.842-2.35C8.562 5.149 6.217 3.807 3.08 3.807H0v4.122ZM23.254 0v3.512h-1.04c-5.437 0-8.502 4.03-11.207 7.586-2.432 3.193-4.533 5.954-7.927 5.954H0v4.121h3.08c5.437 0 8.502-4.027 11.207-7.582 2.432-3.197 4.533-5.958 7.926-5.958h1.04v2.965l6.182-5.3L23.254 0Z"
            fill={4294967295}
            propList={
              Array [
                "fill",
              ]
            }
          />
        </RNSVGGroup>
      </RNSVGSvgView>
    </View>
  </View>
</View>
`;
