// Jest Snapshot v1, https://goo.gl/fbAQLP

exports[`renders TextField 1`] = `null`;
